// Jest Snapshot v1, https://goo.gl/fbAQLP

exports[`App when the XML feed loads successfully should render properly 1`] = `ShallowWrapper {}`;
